
pc@pc-PC MINGW64 /d/gitbash (master)
$ git add "file"
warning: LF will be replaced by CRLF in file.
The file will have its original line endings in your working directory.

pc@pc-PC MINGW64 /d/gitbash (master)
$ vi file

pc@pc-PC MINGW64 /d/gitbash (master)
$ git add "file"
warning: LF will be replaced by CRLF in file.
The file will have its original line endings in your working directory.

pc@pc-PC MINGW64 /d/gitbash (master)
$ cat>f1
this is from local machine

pc@pc-PC MINGW64 /d/gitbash (master)
$ git add "f1"
warning: LF will be replaced by CRLF in f1.
The file will have its original line endings in your working directory.

pc@pc-PC MINGW64 /d/gitbash (master)
$ git commit -m "commit"
[master (root-commit) c53b6fe] commit
warning: LF will be replaced by CRLF in f1.
The file will have its original line endings in your working directory.
warning: LF will be replaced by CRLF in file.
The file will have its original line endings in your working directory.
 2 files changed, 4 insertions(+)
 create mode 100644 f1
 create mode 100644 file

pc@pc-PC MINGW64 /d/gitbash (master)
$ git push -u origin master
Username for 'https://github.com': ravishhhhh
remote: Invalid username or password.
fatal: Authentication failed for 'https://github.com/ravishhhhh/from-local-machine.git/'

pc@pc-PC MINGW64 /d/gitbash (master)
$ git push -u origin master
Username for 'https://github.com': ravishhhhhh
remote: Invalid username or password.
fatal: Authentication failed for 'https://github.com/ravishhhhh/from-local-machine.git/'



pc@pc-PC MINGW64 /d/gitbash (master)
$ git show origin
fatal: ambiguous argument 'origin': unknown revision or path not in the working tree.
Use '--' to separate paths from revisions, like this:
'git <command> [<revision>...] -- [<file>...]'

pc@pc-PC MINGW64 /d/gitbash (master)
$ git status
On branch master
nothing to commit, working directory clean

pc@pc-PC MINGW64 /d/gitbash (master)
$ git sho
shortlog      show          show-branch

pc@pc-PC MINGW64 /d/gitbash (master)
$ git sho
shortlog      show          show-branch

pc@pc-PC MINGW64 /d/gitbash (master)
$ git show
show          show-branch

pc@pc-PC MINGW64 /d/gitbash (master)
$ git show
HEAD     master

pc@pc-PC MINGW64 /d/gitbash (master)
$ git show
HEAD     master

pc@pc-PC MINGW64 /d/gitbash (master)
$ git show
HEAD     master

pc@pc-PC MINGW64 /d/gitbash (master)
$ git show HEAD
commit c53b6fe80049968f45da4fd479e80903d46b4b35
Author: ravihhhhh <ravindrababu.vangala@gmail.com>
Date:   Mon Jan 29 16:16:26 2018 +0530

    commit

diff --git a/f1 b/f1
new file mode 100644
index 0000000..8af511c
--- /dev/null
+++ b/f1
@@ -0,0 +1 @@
+this is from local machine
diff --git a/file b/file
new file mode 100644
index 0000000..c5a2706
--- /dev/null
+++ b/file
@@ -0,0 +1,3 @@
+this is for local machine
+
+

pc@pc-PC MINGW64 /d/gitbash (master)
$ git remote show origin
* remote origin
  Fetch URL: https://github.com/ravishhhhh/from-local-machine.git
  Push  URL: https://github.com/ravishhhhh/from-local-machine.git
  HEAD branch: master
  Remote branch:
    master new (next fetch will store in remotes/origin)
  Local ref configured for 'git push':
    master pushes to master (local out of date)
